<Content>
    <TestRootOne>
        <FloatAttrib_Child>CDCC0442</FloatAttrib_Child>
        <None/>
    </TestRootOne>
    <None>4D006F00640064006500720073002000610072006500200067006F006E006E0061002000740061006B00650020006F007600650072002000740068006500200077006F0072006C006400</None>
    <StringAttrib_Root>410000006E0000006E0000006F00000020000000310000003800000030000000300000002000000077000000690000006C0000006C0000002000000072000000650000006C00000065000000610000007300000065000000200000006F0000006E000000200000005300000074000000610000006400000069000000610000002C0000002000000058000000620000006F0000007800000020000000610000006E00000064000000200000005000000053000000350000002E0000002000000047000000650000007400000020000000720000006500000061000000640000007900000020000000740000006F000000200000006F00000070000000650000006E00000020000000790000006F00000075000000720000002000000077000000610000006C0000006C00000065000000740000007300000020000000660000006F0000007200000020000000530000006500000061000000730000006F0000006E00000020000000340000002E000000</StringAttrib_Root>
</Content>