<Content>
  <MapTemplate>
    <Size>000A0000000A0000</Size>
    <PlayableArea>C8000000C80000003809000038090000</PlayableArea>
    <RandomlyPlacedThirdParties />
    <ElementCount>1B000000</ElementCount>
    <TemplateElement>
      <ElementType>01000000</ElementType>
      <Element>
        <Position>80040000F0000000</Position>
        <Size>0200</Size>
        <Difficulty />
        <Config>
          <Type>
            <id>0100</id>
          </Type>
          <Difficulty />
        </Config>
      </Element>
    </TemplateElement>
    <TemplateElement>
      <ElementType>01000000</ElementType>
      <Element>
        <Position>0801000020040000</Position>
        <Size>0200</Size>
        <Difficulty />
        <Config>
          <Type>
            <id>0100</id>
          </Type>
          <Difficulty />
        </Config>
      </Element>
    </TemplateElement>
    <TemplateElement>
      <ElementType>01000000</ElementType>
      <Element>
        <Position>1004000050070000</Position>
        <Size>0200</Size>
        <Difficulty />
        <Config>
          <Type>
            <id>0100</id>
          </Type>
          <Difficulty />
        </Config>
      </Element>
    </TemplateElement>
    <TemplateElement>
      <ElementType>01000000</ElementType>
      <Element>
        <Position>7007000020040000</Position>
        <Size>0200</Size>
        <Difficulty />
        <Config>
          <Type>
            <id>0100</id>
          </Type>
          <Difficulty />
        </Config>
      </Element>
    </TemplateElement>
    <TemplateElement>
      <ElementType>01000000</ElementType>
      <Element>
        <Position>B001000088060000</Position>
        <Size>0200</Size>
        <Difficulty />
        <Config>
          <Type />
          <Difficulty />
        </Config>
      </Element>
    </TemplateElement>
    <TemplateElement>
      <ElementType>01000000</ElementType>
      <Element>
        <Position>28020000A8010000</Position>
        <Size>0200</Size>
        <Difficulty />
        <Config>
          <Type />
          <Difficulty />
        </Config>
      </Element>
    </TemplateElement>
    <TemplateElement>
      <ElementType>01000000</ElementType>
      <Element>
        <Position>B806000080060000</Position>
        <Size>0200</Size>
        <Difficulty />
        <Config>
          <Type />
          <Difficulty />
        </Config>
      </Element>
    </TemplateElement>
    <TemplateElement>
      <ElementType>02000000</ElementType>
      <Element>
        <Position>50030000C0040000</Position>
      </Element>
    </TemplateElement>
    <TemplateElement>
      <ElementType>01000000</ElementType>
      <Element>
        <Position>C806000070010000</Position>
        <Size>0200</Size>
        <Difficulty />
        <Config>
          <Type />
          <Difficulty />
        </Config>
      </Element>
    </TemplateElement>
    <TemplateElement>
      <ElementType>01000000</ElementType>
      <Element>
        <Position>B804000078020000</Position>
        <Size>0100</Size>
        <Difficulty />
        <Config>
          <Type />
          <Difficulty />
        </Config>
      </Element>
    </TemplateElement>
    <TemplateElement>
      <ElementType>01000000</ElementType>
      <Element>
        <Position>9802000068050000</Position>
        <Size>0100</Size>
        <Difficulty />
        <Config>
          <Type />
          <Difficulty />
        </Config>
      </Element>
    </TemplateElement>
    <TemplateElement>
      <ElementType>01000000</ElementType>
      <Element>
        <Position>A005000060070000</Position>
        <Size>0100</Size>
        <Difficulty />
        <Config>
          <Type />
          <Difficulty />
        </Config>
      </Element>
    </TemplateElement>
    <TemplateElement>
      <ElementType>01000000</ElementType>
      <Element>
        <Position>78070000F8020000</Position>
        <Size>0100</Size>
        <Difficulty />
        <Config>
          <Type />
          <Difficulty />
        </Config>
      </Element>
    </TemplateElement>
    <TemplateElement>
      <ElementType>01000000</ElementType>
      <Element>
        <Position>0801000008030000</Position>
        <Size>0100</Size>
        <Difficulty />
        <Config>
          <Type />
          <Difficulty />
        </Config>
      </Element>
    </TemplateElement>
    <TemplateElement>
      <ElementType>01000000</ElementType>
      <Element>
        <Position>5806000068050000</Position>
        <Size>0100</Size>
        <Difficulty />
        <Config>
          <Type />
          <Difficulty />
        </Config>
      </Element>
    </TemplateElement>
    <TemplateElement>
      <ElementType>01000000</ElementType>
      <Element>
        <Position>E002000010080000</Position>
        <Difficulty />
        <Config>
          <Type>
            <id>0300</id>
          </Type>
          <Difficulty />
        </Config>
      </Element>
    </TemplateElement>
    <TemplateElement>
      <ElementType>01000000</ElementType>
      <Element>
        <Position>4003000048070000</Position>
        <Difficulty />
        <Config>
          <Type>
            <id>0300</id>
          </Type>
          <Difficulty />
        </Config>
      </Element>
    </TemplateElement>
    <TemplateElement>
      <ElementType>01000000</ElementType>
      <Element>
        <Position>98010000B8050000</Position>
        <Difficulty />
        <Config>
          <Type>
            <id>0300</id>
          </Type>
          <Difficulty />
        </Config>
      </Element>
    </TemplateElement>
    <TemplateElement>
      <ElementType>01000000</ElementType>
      <Element>
        <Position>78070000B0050000</Position>
        <Difficulty />
        <Config>
          <Type>
            <id>0300</id>
          </Type>
          <Difficulty />
        </Config>
      </Element>
    </TemplateElement>
    <TemplateElement>
      <ElementType>01000000</ElementType>
      <Element>
        <Position>A804000078040000</Position>
        <Difficulty />
        <Config>
          <Type>
            <id>0400</id>
          </Type>
          <Difficulty />
        </Config>
      </Element>
    </TemplateElement>
    <TemplateElement>
      <ElementType>01000000</ElementType>
      <Element>
        <Position>0806000088010000</Position>
        <Difficulty />
        <Config>
          <Type>
            <id>0300</id>
          </Type>
          <Difficulty />
        </Config>
      </Element>
    </TemplateElement>
    <TemplateElement>
      <ElementType>01000000</ElementType>
      <Element>
        <Position>B803000038010000</Position>
        <Difficulty />
        <Config>
          <Type>
            <id>0300</id>
          </Type>
          <Difficulty />
        </Config>
      </Element>
    </TemplateElement>
    <TemplateElement>
      <ElementType>01000000</ElementType>
      <Element>
        <Position>B803000008020000</Position>
        <Difficulty />
        <Config>
          <Type>
            <id>0300</id>
          </Type>
          <Difficulty />
        </Config>
      </Element>
    </TemplateElement>
    <TemplateElement>
      <ElementType>01000000</ElementType>
      <Element>
        <Position>B006000000030000</Position>
        <Difficulty />
        <Config>
          <Type>
            <id>0300</id>
          </Type>
          <Difficulty />
        </Config>
      </Element>
    </TemplateElement>
    <TemplateElement>
      <ElementType>02000000</ElementType>
      <Element>
        <Position>D8040000B0060000</Position>
      </Element>
    </TemplateElement>
    <TemplateElement>
      <ElementType>02000000</ElementType>
      <Element>
        <Position>C8060000A8040000</Position>
      </Element>
    </TemplateElement>
    <TemplateElement>
      <ElementType>02000000</ElementType>
      <Element>
        <Position>E805000000030000</Position>
      </Element>
    </TemplateElement>
  </MapTemplate>
</Content>