<Content>
  <MapTemplate>
    <Size>2560 2560</Size>
    <PlayableArea>200 200 2360 2360</PlayableArea>
    <RandomlyPlacedThirdParties />
    <ElementCount>27</ElementCount>
    <TemplateElement>
      <ElementType>1</ElementType>
      <Element>
        <Position>1152 240</Position>
        <Size>Large</Size>
        <Difficulty />
        <Config>
          <Type>
            <id>Starter</id>
          </Type>
          <Difficulty />
        </Config>
      </Element>
    </TemplateElement>
    <TemplateElement>
      <ElementType>1</ElementType>
      <Element>
        <Position>264 1056</Position>
        <Size>Large</Size>
        <Difficulty />
        <Config>
          <Type>
            <id>Starter</id>
          </Type>
          <Difficulty />
        </Config>
      </Element>
    </TemplateElement>
    <TemplateElement>
      <ElementType>1</ElementType>
      <Element>
        <Position>1040 1872</Position>
        <Size>Large</Size>
        <Difficulty />
        <Config>
          <Type>
            <id>Starter</id>
          </Type>
          <Difficulty />
        </Config>
      </Element>
    </TemplateElement>
    <TemplateElement>
      <ElementType>1</ElementType>
      <Element>
        <Position>1904 1056</Position>
        <Size>Large</Size>
        <Difficulty />
        <Config>
          <Type>
            <id>Starter</id>
          </Type>
          <Difficulty />
        </Config>
      </Element>
    </TemplateElement>
    <TemplateElement>
      <ElementType>1</ElementType>
      <Element>
        <Position>432 1672</Position>
        <Size>Large</Size>
        <Difficulty />
        <Config>
          <Type />
          <Difficulty />
        </Config>
      </Element>
    </TemplateElement>
    <TemplateElement>
      <ElementType>1</ElementType>
      <Element>
        <Position>552 424</Position>
        <Size>Large</Size>
        <Difficulty />
        <Config>
          <Type />
          <Difficulty />
        </Config>
      </Element>
    </TemplateElement>
    <TemplateElement>
      <ElementType>1</ElementType>
      <Element>
        <Position>1720 1664</Position>
        <Size>Large</Size>
        <Difficulty />
        <Config>
          <Type />
          <Difficulty />
        </Config>
      </Element>
    </TemplateElement>
    <TemplateElement>
      <ElementType>2</ElementType>
      <Element>
        <Position>848 1216</Position>
      </Element>
    </TemplateElement>
    <TemplateElement>
      <ElementType>1</ElementType>
      <Element>
        <Position>1736 368</Position>
        <Size>Large</Size>
        <Difficulty />
        <Config>
          <Type />
          <Difficulty />
        </Config>
      </Element>
    </TemplateElement>
    <TemplateElement>
      <ElementType>1</ElementType>
      <Element>
        <Position>1208 632</Position>
        <Size>Medium</Size>
        <Difficulty />
        <Config>
          <Type />
          <Difficulty />
        </Config>
      </Element>
    </TemplateElement>
    <TemplateElement>
      <ElementType>1</ElementType>
      <Element>
        <Position>664 1384</Position>
        <Size>Medium</Size>
        <Difficulty />
        <Config>
          <Type />
          <Difficulty />
        </Config>
      </Element>
    </TemplateElement>
    <TemplateElement>
      <ElementType>1</ElementType>
      <Element>
        <Position>1440 1888</Position>
        <Size>Medium</Size>
        <Difficulty />
        <Config>
          <Type />
          <Difficulty />
        </Config>
      </Element>
    </TemplateElement>
    <TemplateElement>
      <ElementType>1</ElementType>
      <Element>
        <Position>1912 760</Position>
        <Size>Medium</Size>
        <Difficulty />
        <Config>
          <Type />
          <Difficulty />
        </Config>
      </Element>
    </TemplateElement>
    <TemplateElement>
      <ElementType>1</ElementType>
      <Element>
        <Position>264 776</Position>
        <Size>Medium</Size>
        <Difficulty />
        <Config>
          <Type />
          <Difficulty />
        </Config>
      </Element>
    </TemplateElement>
    <TemplateElement>
      <ElementType>1</ElementType>
      <Element>
        <Position>1624 1384</Position>
        <Size>Medium</Size>
        <Difficulty />
        <Config>
          <Type />
          <Difficulty />
        </Config>
      </Element>
    </TemplateElement>
    <TemplateElement>
      <ElementType>1</ElementType>
      <Element>
        <Position>736 2064</Position>
        <Difficulty />
        <Config>
          <Type>
            <id>Decoration</id>
          </Type>
          <Difficulty />
        </Config>
      </Element>
    </TemplateElement>
    <TemplateElement>
      <ElementType>1</ElementType>
      <Element>
        <Position>832 1864</Position>
        <Difficulty />
        <Config>
          <Type>
            <id>Decoration</id>
          </Type>
          <Difficulty />
        </Config>
      </Element>
    </TemplateElement>
    <TemplateElement>
      <ElementType>1</ElementType>
      <Element>
        <Position>408 1464</Position>
        <Difficulty />
        <Config>
          <Type>
            <id>Decoration</id>
          </Type>
          <Difficulty />
        </Config>
      </Element>
    </TemplateElement>
    <TemplateElement>
      <ElementType>1</ElementType>
      <Element>
        <Position>1912 1456</Position>
        <Difficulty />
        <Config>
          <Type>
            <id>Decoration</id>
          </Type>
          <Difficulty />
        </Config>
      </Element>
    </TemplateElement>
    <TemplateElement>
      <ElementType>1</ElementType>
      <Element>
        <Position>1192 1144</Position>
        <Difficulty />
        <Config>
          <Type>
            <id>Pirate</id>
          </Type>
          <Difficulty />
        </Config>
      </Element>
    </TemplateElement>
    <TemplateElement>
      <ElementType>1</ElementType>
      <Element>
        <Position>1544 392</Position>
        <Difficulty />
        <Config>
          <Type>
            <id>Decoration</id>
          </Type>
          <Difficulty />
        </Config>
      </Element>
    </TemplateElement>
    <TemplateElement>
      <ElementType>1</ElementType>
      <Element>
        <Position>952 312</Position>
        <Difficulty />
        <Config>
          <Type>
            <id>Decoration</id>
          </Type>
          <Difficulty />
        </Config>
      </Element>
    </TemplateElement>
    <TemplateElement>
      <ElementType>1</ElementType>
      <Element>
        <Position>952 520</Position>
        <Difficulty />
        <Config>
          <Type>
            <id>Decoration</id>
          </Type>
          <Difficulty />
        </Config>
      </Element>
    </TemplateElement>
    <TemplateElement>
      <ElementType>1</ElementType>
      <Element>
        <Position>1712 768</Position>
        <Difficulty />
        <Config>
          <Type>
            <id>Decoration</id>
          </Type>
          <Difficulty />
        </Config>
      </Element>
    </TemplateElement>
    <TemplateElement>
      <ElementType>2</ElementType>
      <Element>
        <Position>1240 1712</Position>
      </Element>
    </TemplateElement>
    <TemplateElement>
      <ElementType>2</ElementType>
      <Element>
        <Position>1736 1192</Position>
      </Element>
    </TemplateElement>
    <TemplateElement>
      <ElementType>2</ElementType>
      <Element>
        <Position>1512 768</Position>
      </Element>
    </TemplateElement>
  </MapTemplate>
</Content>